// Jest Snapshot v1, https://goo.gl/fbAQLP

exports[`App should not explode 1`] = `<RoutesContainer />`;
